// Jest Snapshot v1, https://goo.gl/fbAQLP

exports[`snapshot changes when input change 1`] = `
<div
  className="mainContainer"
>
  <div
    className="headerContainer"
  >
    <div
      className="logoContainer"
    >
      <div
        className="logoImage"
      >
        Curated TV and Film
      </div>
    </div>
    <div
      className="content-filter"
    >
      <input
        className="form-control"
        onChange={[Function]}
        placeholder="Search here"
        type="text"
        value=""
      />
    </div>
  </div>
  <section
    className="app container"
  >
    <main
      className="main-content"
    >
      <div
        className="content-list"
      >
        <ul>
          <li>
            <div
              className="row"
            >
              <div
                className="item-thumbnail"
              >
                <a
                  href="https://www.youtube.com/watch?v=wTjMqda19wk"
                  rel="noopener noreferrer"
                  target="_blank"
                >
                  <img
                    alt="The Newsroom"
                    src="https://img.youtube.com/vi/wTjMqda19wk/0.jpg"
                  />
                </a>
              </div>
              <div
                className="item-info"
              >
                <h2>
                  The Newsroom
                  
                </h2>
                <div
                  className="tvshow-details"
                >
                  <div
                    className="details__item"
                  >
                    <span>
                      Season:
                    </span>
                     
                    1
                  </div>
                  <div
                    className="details__item"
                  >
                    <span>
                      Episode:
                    </span>
                     
                    1
                  </div>
                  <div
                    className="details__item"
                  >
                    <span>
                      Episode Title:
                    </span>
                     
                    We Just Decided To
                  </div>
                </div>
                <div
                  className="item-desc details__item"
                >
                  <span>
                    Description:
                  </span>
                   
                  Will McAvoy (Jeff Daniels) hits the nail straight on the head in the opening minutes on HBO's new series 'The Newsroom'. He is asked by a college student a simple question during a campus debate. 'What makes America the greatest country in the world?'. Daniels initially goes the politically correct route then at the last minute goes with a honest, bold, straight forward answer that sums up a lot of the worlds problems that so many are afraid to accept because we all want to believe in our system and that it is our system that works. The evidence that is out there today is to the contrary and he discloses such information in his argument. We used to be the worlds best of the best and now we are just pretending. The first step to solving a problem is to admit there is one.
                </div>
                <div
                  className="item-imdb"
                >
                  <span>
                    IMDB:
                  </span>
                  <a
                    href="http://www.imdb.com/title/tt1870479/"
                    rel="noopener noreferrer"
                    target="_blank"
                  >
                    http://www.imdb.com/title/tt1870479/
                  </a>
                </div>
              </div>
            </div>
          </li>
          <li>
            <div
              className="row"
            >
              <div
                className="item-thumbnail"
              >
                <a
                  href="https://www.youtube.com/watch?v=AZeLHD-725o"
                  rel="noopener noreferrer"
                  target="_blank"
                >
                  <img
                    alt="Mr.Robot"
                    src="https://img.youtube.com/vi/AZeLHD-725o/0.jpg"
                  />
                </a>
              </div>
              <div
                className="item-info"
              >
                <h2>
                  Mr.Robot
                  
                </h2>
                <div
                  className="tvshow-details"
                >
                  <div
                    className="details__item"
                  >
                    <span>
                      Season:
                    </span>
                     
                    2
                  </div>
                  <div
                    className="details__item"
                  >
                    <span>
                      Episode:
                    </span>
                     
                    3
                  </div>
                  <div
                    className="details__item"
                  >
                    <span>
                      Episode Title:
                    </span>
                     
                    eps2.1_k3rnel-pan1c.ksd
                  </div>
                </div>
                <div
                  className="item-desc details__item"
                >
                  <span>
                    Description:
                  </span>
                   
                  Elliot Alderson's powerful speech about control and the effects that religion and mindless following create.
                </div>
                <div
                  className="item-imdb"
                >
                  <span>
                    IMDB:
                  </span>
                  <a
                    href="http://www.imdb.com/title/tt4158110/"
                    rel="noopener noreferrer"
                    target="_blank"
                  >
                    http://www.imdb.com/title/tt4158110/
                  </a>
                </div>
              </div>
            </div>
          </li>
          <li>
            <div
              className="row"
            >
              <div
                className="item-thumbnail"
              >
                <a
                  href="https://www.youtube.com/watch?v=mMeqEDEfniA"
                  rel="noopener noreferrer"
                  target="_blank"
                >
                  <img
                    alt="Silicon Valley"
                    src="https://img.youtube.com/vi/mMeqEDEfniA/0.jpg"
                  />
                </a>
              </div>
              <div
                className="item-info"
              >
                <h2>
                  Silicon Valley
                  
                </h2>
                <div
                  className="tvshow-details"
                >
                  <div
                    className="details__item"
                  >
                    <span>
                      Season:
                    </span>
                     
                    1
                  </div>
                  <div
                    className="details__item"
                  >
                    <span>
                      Episode:
                    </span>
                     
                    8
                  </div>
                  <div
                    className="details__item"
                  >
                    <span>
                      Episode Title:
                    </span>
                     
                    Optimal Tip-To-Top Efficiency
                  </div>
                </div>
                <div
                  className="item-desc details__item"
                >
                  <span>
                    Description:
                  </span>
                   
                  The guys start calculating how most efficiently a mass jerk-off session can be carried out, which eventually also leads to a finding a new solution for Pied Piper's problems.
                </div>
                <div
                  className="item-imdb"
                >
                  <span>
                    IMDB:
                  </span>
                  <a
                    href="http://www.imdb.com/title/tt2575988/"
                    rel="noopener noreferrer"
                    target="_blank"
                  >
                    http://www.imdb.com/title/tt2575988/
                  </a>
                </div>
              </div>
            </div>
          </li>
          <li>
            <div
              className="row"
            >
              <div
                className="item-thumbnail"
              >
                <a
                  href="https://www.youtube.com/watch?v=m8rURwkvOx0"
                  rel="noopener noreferrer"
                  target="_blank"
                >
                  <img
                    alt="Game of Thrones"
                    src="https://img.youtube.com/vi/m8rURwkvOx0/0.jpg"
                  />
                </a>
              </div>
              <div
                className="item-info"
              >
                <h2>
                  Game of Thrones
                  
                </h2>
                <div
                  className="tvshow-details"
                >
                  <div
                    className="details__item"
                  >
                    <span>
                      Season:
                    </span>
                     
                    6
                  </div>
                  <div
                    className="details__item"
                  >
                    <span>
                      Episode:
                    </span>
                     
                    9
                  </div>
                  <div
                    className="details__item"
                  >
                    <span>
                      Episode Title:
                    </span>
                     
                    Battle of the Bastards
                  </div>
                </div>
                <div
                  className="item-desc details__item"
                >
                  <span>
                    Description:
                  </span>
                   
                  In Winterfell, Jon Snow, Sansa, Davos and Tormund meet with Ramsay, and Jon Snow proposes a dispute between them instead of sacrificing lives in a battle. Ramsay does not accept and they schedule the battle in the morning. Jon Snow plots a scheme with Davos and Tormund and Sansa warns that Ramsay plays dirty. When both armies are ready to battle, Ramsay brings a surprise.
                </div>
                <div
                  className="item-imdb"
                >
                  <span>
                    IMDB:
                  </span>
                  <a
                    href="https://www.imdb.com/title/tt4283088/?ref_=ttep_ep9"
                    rel="noopener noreferrer"
                    target="_blank"
                  >
                    https://www.imdb.com/title/tt4283088/?ref_=ttep_ep9
                  </a>
                </div>
              </div>
            </div>
          </li>
          <li>
            <div
              className="row"
            >
              <div
                className="item-thumbnail"
              >
                <a
                  href="https://www.youtube.com/watch?v=VwIIDzrVVdc"
                  rel="noopener noreferrer"
                  target="_blank"
                >
                  <img
                    alt="Oldboy"
                    src="https://img.youtube.com/vi/VwIIDzrVVdc/0.jpg"
                  />
                </a>
              </div>
              <div
                className="item-info"
              >
                <h2>
                  Oldboy
                   (2003)
                </h2>
                <div
                  className="item-desc details__item"
                >
                  <span>
                    Description:
                  </span>
                   
                  The corridor fight scene took seventeen takes in three days to perfect, and was one continuous take -- there was no editing of any sort except for the knife that was stabbed in Oh Dae-su's back, which was computer-generated imagery. Though the scene has often been compared visually to side scrolling beat 'em up video games, director Park Chan-wook has stated that the similarity was unintentional.
                </div>
                <div
                  className="item-imdb"
                >
                  <span>
                    IMDB:
                  </span>
                  <a
                    href="http://www.imdb.com/title/tt0364569/"
                    rel="noopener noreferrer"
                    target="_blank"
                  >
                    http://www.imdb.com/title/tt0364569/
                  </a>
                </div>
              </div>
            </div>
          </li>
          <li>
            <div
              className="row"
            >
              <div
                className="item-thumbnail"
              >
                <a
                  href="https://www.youtube.com/watch?v=N8WXitDnA_U"
                  rel="noopener noreferrer"
                  target="_blank"
                >
                  <img
                    alt="Olympus has fallen"
                    src="https://img.youtube.com/vi/N8WXitDnA_U/0.jpg"
                  />
                </a>
              </div>
              <div
                className="item-info"
              >
                <h2>
                  Olympus has fallen
                   (2013)
                </h2>
                <div
                  className="item-desc details__item"
                >
                  <span>
                    Description:
                  </span>
                   
                  During a diplomatic talk between Korea and the United States, a secret Korean organisation has plotted a takeover of the White House with little resistance due to being caught off guard.
                </div>
                <div
                  className="item-imdb"
                >
                  <span>
                    IMDB:
                  </span>
                  <a
                    href="https://www.imdb.com/title/tt2302755/"
                    rel="noopener noreferrer"
                    target="_blank"
                  >
                    https://www.imdb.com/title/tt2302755/
                  </a>
                </div>
              </div>
            </div>
          </li>
          <li>
            <div
              className="row"
            >
              <div
                className="item-thumbnail"
              >
                <a
                  href="https://www.youtube.com/watch?v=uzeODC-_IHw&t=81"
                  rel="noopener noreferrer"
                  target="_blank"
                >
                  <img
                    alt="Rick and Morty"
                    src="https://img.youtube.com/vi/uzeODC-_IHw/0.jpg"
                  />
                </a>
              </div>
              <div
                className="item-info"
              >
                <h2>
                  Rick and Morty
                  
                </h2>
                <div
                  className="tvshow-details"
                >
                  <div
                    className="details__item"
                  >
                    <span>
                      Season:
                    </span>
                     
                    3
                  </div>
                  <div
                    className="details__item"
                  >
                    <span>
                      Episode:
                    </span>
                     
                    1
                  </div>
                  <div
                    className="details__item"
                  >
                    <span>
                      Episode Title:
                    </span>
                     
                    Rickshank Redemption
                  </div>
                </div>
                <div
                  className="item-desc details__item"
                >
                  <span>
                    Description:
                  </span>
                   
                  Rick, still in galactic prison, puts an intricate escape plan into action. Which then leads to a standoff in which he kills the council of Ricks.
                </div>
                <div
                  className="item-imdb"
                >
                  <span>
                    IMDB:
                  </span>
                  <a
                    href="https://www.imdb.com/title/tt2861424/"
                    rel="noopener noreferrer"
                    target="_blank"
                  >
                    https://www.imdb.com/title/tt2861424/
                  </a>
                </div>
              </div>
            </div>
          </li>
        </ul>
      </div>
    </main>
  </section>
</div>
`;
