// Jest Snapshot v1, https://goo.gl/fbAQLP

exports[`snapshot of initial component 1`] = `
<div
  class="FilterBar-root-1"
>
  <div
    class="MuiCollapse-container MuiCollapse-hidden"
    style="min-height:0px"
  >
    <div
      class="MuiCollapse-wrapper"
    >
      <div
        class="MuiCollapse-wrapperInner"
      >
        <header
          class="MuiPaper-root MuiAppBar-root MuiAppBar-positionRelative MuiAppBar-colorSecondary FilterBar-filterBar-5 MuiPaper-elevation4"
        >
          <div
            class="MuiToolbar-root MuiToolbar-regular MuiToolbar-gutters"
          >
            <form
              autocomplete="off"
            >
              <fieldset
                class="MuiFormControl-root FilterBar-formControl-3 MuiFormControl-marginDense"
              >
                <legend
                  class="MuiFormLabel-root"
                >
                  Filter
                </legend>
                <div
                  aria-label="Filter"
                  class="MuiFormGroup-root FilterBar-group-4 MuiFormGroup-row"
                  role="radiogroup"
                >
                  <label
                    class="MuiFormControlLabel-root"
                  >
                    <span
                      aria-disabled="false"
                      class="MuiButtonBase-root MuiIconButton-root PrivateSwitchBase-root-7 MuiRadio-root MuiRadio-colorPrimary MuiIconButton-colorPrimary"
                    >
                      <span
                        class="MuiIconButton-label"
                      >
                        <input
                          class="PrivateSwitchBase-input-10"
                          name="filter"
                          type="radio"
                          value="all"
                        />
                        <div
                          class="PrivateRadioButtonIcon-root-11"
                        >
                          <svg
                            aria-hidden="true"
                            class="MuiSvgIcon-root"
                            focusable="false"
                            viewBox="0 0 24 24"
                          >
                            <path
                              d="M12 2C6.48 2 2 6.48 2 12s4.48 10 10 10 10-4.48 10-10S17.52 2 12 2zm0 18c-4.42 0-8-3.58-8-8s3.58-8 8-8 8 3.58 8 8-3.58 8-8 8z"
                            />
                          </svg>
                          <svg
                            aria-hidden="true"
                            class="MuiSvgIcon-root PrivateRadioButtonIcon-layer-12"
                            focusable="false"
                            viewBox="0 0 24 24"
                          >
                            <path
                              d="M8.465 8.465C9.37 7.56 10.62 7 12 7C14.76 7 17 9.24 17 12C17 13.38 16.44 14.63 15.535 15.535C14.63 16.44 13.38 17 12 17C9.24 17 7 14.76 7 12C7 10.62 7.56 9.37 8.465 8.465Z"
                            />
                          </svg>
                        </div>
                      </span>
                    </span>
                    <span
                      class="MuiTypography-root MuiFormControlLabel-label MuiTypography-body1"
                    >
                      All
                    </span>
                  </label>
                  <label
                    class="MuiFormControlLabel-root"
                  >
                    <span
                      aria-disabled="false"
                      class="MuiButtonBase-root MuiIconButton-root PrivateSwitchBase-root-7 MuiRadio-root MuiRadio-colorPrimary PrivateSwitchBase-checked-8 Mui-checked MuiIconButton-colorPrimary"
                    >
                      <span
                        class="MuiIconButton-label"
                      >
                        <input
                          checked=""
                          class="PrivateSwitchBase-input-10"
                          name="filter"
                          type="radio"
                          value="movies"
                        />
                        <div
                          class="PrivateRadioButtonIcon-root-11 PrivateRadioButtonIcon-checked-13"
                        >
                          <svg
                            aria-hidden="true"
                            class="MuiSvgIcon-root"
                            focusable="false"
                            viewBox="0 0 24 24"
                          >
                            <path
                              d="M12 2C6.48 2 2 6.48 2 12s4.48 10 10 10 10-4.48 10-10S17.52 2 12 2zm0 18c-4.42 0-8-3.58-8-8s3.58-8 8-8 8 3.58 8 8-3.58 8-8 8z"
                            />
                          </svg>
                          <svg
                            aria-hidden="true"
                            class="MuiSvgIcon-root PrivateRadioButtonIcon-layer-12"
                            focusable="false"
                            viewBox="0 0 24 24"
                          >
                            <path
                              d="M8.465 8.465C9.37 7.56 10.62 7 12 7C14.76 7 17 9.24 17 12C17 13.38 16.44 14.63 15.535 15.535C14.63 16.44 13.38 17 12 17C9.24 17 7 14.76 7 12C7 10.62 7.56 9.37 8.465 8.465Z"
                            />
                          </svg>
                        </div>
                      </span>
                    </span>
                    <span
                      class="MuiTypography-root MuiFormControlLabel-label MuiTypography-body1"
                    >
                      Movies
                    </span>
                  </label>
                  <label
                    class="MuiFormControlLabel-root"
                  >
                    <span
                      aria-disabled="false"
                      class="MuiButtonBase-root MuiIconButton-root PrivateSwitchBase-root-7 MuiRadio-root MuiRadio-colorPrimary MuiIconButton-colorPrimary"
                    >
                      <span
                        class="MuiIconButton-label"
                      >
                        <input
                          class="PrivateSwitchBase-input-10"
                          name="filter"
                          type="radio"
                          value="tv"
                        />
                        <div
                          class="PrivateRadioButtonIcon-root-11"
                        >
                          <svg
                            aria-hidden="true"
                            class="MuiSvgIcon-root"
                            focusable="false"
                            viewBox="0 0 24 24"
                          >
                            <path
                              d="M12 2C6.48 2 2 6.48 2 12s4.48 10 10 10 10-4.48 10-10S17.52 2 12 2zm0 18c-4.42 0-8-3.58-8-8s3.58-8 8-8 8 3.58 8 8-3.58 8-8 8z"
                            />
                          </svg>
                          <svg
                            aria-hidden="true"
                            class="MuiSvgIcon-root PrivateRadioButtonIcon-layer-12"
                            focusable="false"
                            viewBox="0 0 24 24"
                          >
                            <path
                              d="M8.465 8.465C9.37 7.56 10.62 7 12 7C14.76 7 17 9.24 17 12C17 13.38 16.44 14.63 15.535 15.535C14.63 16.44 13.38 17 12 17C9.24 17 7 14.76 7 12C7 10.62 7.56 9.37 8.465 8.465Z"
                            />
                          </svg>
                        </div>
                      </span>
                    </span>
                    <span
                      class="MuiTypography-root MuiFormControlLabel-label MuiTypography-body1"
                    >
                      TV
                    </span>
                  </label>
                </div>
              </fieldset>
              <div
                class="MuiFormControl-root FilterBar-formControl-3"
              >
                <label
                  class="MuiFormLabel-root MuiInputLabel-root MuiInputLabel-formControl MuiInputLabel-animated MuiInputLabel-shrink MuiFormLabel-filled"
                  data-shrink="true"
                  for="filterYear"
                >
                  Year
                </label>
                <div
                  class="MuiInputBase-root MuiInput-root MuiInput-underline MuiInputBase-formControl MuiInput-formControl"
                >
                  <div
                    aria-haspopup="listbox"
                    aria-labelledby="mui-component-select-year"
                    class="MuiSelect-root MuiSelect-select MuiSelect-selectMenu MuiInputBase-input MuiInput-input"
                    id="mui-component-select-year"
                    role="button"
                    tabindex="0"
                  >
                    All
                  </div>
                  <input
                    aria-hidden="true"
                    class="MuiSelect-nativeInput"
                    id="filterYear"
                    name="year"
                    tabindex="-1"
                    value="All"
                  />
                  <svg
                    aria-hidden="true"
                    class="MuiSvgIcon-root MuiSelect-icon"
                    focusable="false"
                    viewBox="0 0 24 24"
                  >
                    <path
                      d="M7 10l5 5 5-5z"
                    />
                  </svg>
                </div>
              </div>
              <div
                class="MuiFormControl-root FilterBar-formControl-3"
              >
                <label
                  class="MuiFormLabel-root MuiInputLabel-root MuiInputLabel-formControl MuiInputLabel-animated MuiInputLabel-shrink MuiFormLabel-filled"
                  data-shrink="true"
                  for="filterOrder"
                >
                  Sort
                </label>
                <div
                  class="MuiInputBase-root MuiInput-root MuiInput-underline MuiInputBase-formControl MuiInput-formControl"
                >
                  <div
                    aria-haspopup="listbox"
                    aria-labelledby="mui-component-select-order"
                    class="MuiSelect-root MuiSelect-select MuiSelect-selectMenu MuiInputBase-input MuiInput-input"
                    id="mui-component-select-order"
                    role="button"
                    tabindex="0"
                  >
                    Ascending
                  </div>
                  <input
                    aria-hidden="true"
                    class="MuiSelect-nativeInput"
                    id="filterOrder"
                    name="order"
                    tabindex="-1"
                    value="Ascending"
                  />
                  <svg
                    aria-hidden="true"
                    class="MuiSvgIcon-root MuiSelect-icon"
                    focusable="false"
                    viewBox="0 0 24 24"
                  >
                    <path
                      d="M7 10l5 5 5-5z"
                    />
                  </svg>
                </div>
              </div>
              <div
                class="FilterBar-chipContainer-6"
                id="chipContainer_testOnly"
              >
                <div
                  class="MuiButtonBase-root MuiChip-root MuiChip-colorPrimary MuiChip-clickableColorPrimary MuiChip-deletableColorPrimary MuiChip-sizeSmall MuiChip-clickable MuiChip-deletable"
                  role="button"
                  tabindex="0"
                >
                  <span
                    class="MuiChip-label MuiChip-labelSmall"
                  >
                    Action
                  </span>
                  <svg
                    aria-hidden="true"
                    class="MuiSvgIcon-root MuiChip-deleteIcon MuiChip-deleteIconColorPrimary MuiChip-deleteIconSmall"
                    focusable="false"
                    viewBox="0 0 24 24"
                  >
                    <path
                      d="M9 16.2L4.8 12l-1.4 1.4L9 19 21 7l-1.4-1.4L9 16.2z"
                    />
                  </svg>
                </div>
                <div
                  class="MuiButtonBase-root MuiChip-root MuiChip-colorPrimary MuiChip-clickableColorPrimary MuiChip-deletableColorPrimary MuiChip-sizeSmall MuiChip-clickable MuiChip-deletable"
                  role="button"
                  tabindex="0"
                >
                  <span
                    class="MuiChip-label MuiChip-labelSmall"
                  >
                    Adventure
                  </span>
                  <svg
                    aria-hidden="true"
                    class="MuiSvgIcon-root MuiChip-deleteIcon MuiChip-deleteIconColorPrimary MuiChip-deleteIconSmall"
                    focusable="false"
                    viewBox="0 0 24 24"
                  >
                    <path
                      d="M9 16.2L4.8 12l-1.4 1.4L9 19 21 7l-1.4-1.4L9 16.2z"
                    />
                  </svg>
                </div>
                <div
                  class="MuiButtonBase-root MuiChip-root MuiChip-colorPrimary MuiChip-clickableColorPrimary MuiChip-deletableColorPrimary MuiChip-sizeSmall MuiChip-clickable MuiChip-deletable"
                  role="button"
                  tabindex="0"
                >
                  <span
                    class="MuiChip-label MuiChip-labelSmall"
                  >
                    Animation
                  </span>
                  <svg
                    aria-hidden="true"
                    class="MuiSvgIcon-root MuiChip-deleteIcon MuiChip-deleteIconColorPrimary MuiChip-deleteIconSmall"
                    focusable="false"
                    viewBox="0 0 24 24"
                  >
                    <path
                      d="M9 16.2L4.8 12l-1.4 1.4L9 19 21 7l-1.4-1.4L9 16.2z"
                    />
                  </svg>
                </div>
                <div
                  class="MuiButtonBase-root MuiChip-root MuiChip-colorPrimary MuiChip-clickableColorPrimary MuiChip-deletableColorPrimary MuiChip-sizeSmall MuiChip-clickable MuiChip-deletable"
                  role="button"
                  tabindex="0"
                >
                  <span
                    class="MuiChip-label MuiChip-labelSmall"
                  >
                    Biography
                  </span>
                  <svg
                    aria-hidden="true"
                    class="MuiSvgIcon-root MuiChip-deleteIcon MuiChip-deleteIconColorPrimary MuiChip-deleteIconSmall"
                    focusable="false"
                    viewBox="0 0 24 24"
                  >
                    <path
                      d="M9 16.2L4.8 12l-1.4 1.4L9 19 21 7l-1.4-1.4L9 16.2z"
                    />
                  </svg>
                </div>
                <div
                  class="MuiButtonBase-root MuiChip-root MuiChip-colorPrimary MuiChip-clickableColorPrimary MuiChip-deletableColorPrimary MuiChip-sizeSmall MuiChip-clickable MuiChip-deletable"
                  role="button"
                  tabindex="0"
                >
                  <span
                    class="MuiChip-label MuiChip-labelSmall"
                  >
                    Comedy
                  </span>
                  <svg
                    aria-hidden="true"
                    class="MuiSvgIcon-root MuiChip-deleteIcon MuiChip-deleteIconColorPrimary MuiChip-deleteIconSmall"
                    focusable="false"
                    viewBox="0 0 24 24"
                  >
                    <path
                      d="M9 16.2L4.8 12l-1.4 1.4L9 19 21 7l-1.4-1.4L9 16.2z"
                    />
                  </svg>
                </div>
                <div
                  class="MuiButtonBase-root MuiChip-root MuiChip-colorPrimary MuiChip-clickableColorPrimary MuiChip-deletableColorPrimary MuiChip-sizeSmall MuiChip-clickable MuiChip-deletable"
                  role="button"
                  tabindex="0"
                >
                  <span
                    class="MuiChip-label MuiChip-labelSmall"
                  >
                    Crime
                  </span>
                  <svg
                    aria-hidden="true"
                    class="MuiSvgIcon-root MuiChip-deleteIcon MuiChip-deleteIconColorPrimary MuiChip-deleteIconSmall"
                    focusable="false"
                    viewBox="0 0 24 24"
                  >
                    <path
                      d="M9 16.2L4.8 12l-1.4 1.4L9 19 21 7l-1.4-1.4L9 16.2z"
                    />
                  </svg>
                </div>
                <div
                  class="MuiButtonBase-root MuiChip-root MuiChip-colorPrimary MuiChip-clickableColorPrimary MuiChip-deletableColorPrimary MuiChip-sizeSmall MuiChip-clickable MuiChip-deletable"
                  role="button"
                  tabindex="0"
                >
                  <span
                    class="MuiChip-label MuiChip-labelSmall"
                  >
                    Drama
                  </span>
                  <svg
                    aria-hidden="true"
                    class="MuiSvgIcon-root MuiChip-deleteIcon MuiChip-deleteIconColorPrimary MuiChip-deleteIconSmall"
                    focusable="false"
                    viewBox="0 0 24 24"
                  >
                    <path
                      d="M9 16.2L4.8 12l-1.4 1.4L9 19 21 7l-1.4-1.4L9 16.2z"
                    />
                  </svg>
                </div>
                <div
                  class="MuiButtonBase-root MuiChip-root MuiChip-colorPrimary MuiChip-clickableColorPrimary MuiChip-deletableColorPrimary MuiChip-sizeSmall MuiChip-clickable MuiChip-deletable"
                  role="button"
                  tabindex="0"
                >
                  <span
                    class="MuiChip-label MuiChip-labelSmall"
                  >
                    Family
                  </span>
                  <svg
                    aria-hidden="true"
                    class="MuiSvgIcon-root MuiChip-deleteIcon MuiChip-deleteIconColorPrimary MuiChip-deleteIconSmall"
                    focusable="false"
                    viewBox="0 0 24 24"
                  >
                    <path
                      d="M9 16.2L4.8 12l-1.4 1.4L9 19 21 7l-1.4-1.4L9 16.2z"
                    />
                  </svg>
                </div>
                <div
                  class="MuiButtonBase-root MuiChip-root MuiChip-colorPrimary MuiChip-clickableColorPrimary MuiChip-deletableColorPrimary MuiChip-sizeSmall MuiChip-clickable MuiChip-deletable"
                  role="button"
                  tabindex="0"
                >
                  <span
                    class="MuiChip-label MuiChip-labelSmall"
                  >
                    Fantasy
                  </span>
                  <svg
                    aria-hidden="true"
                    class="MuiSvgIcon-root MuiChip-deleteIcon MuiChip-deleteIconColorPrimary MuiChip-deleteIconSmall"
                    focusable="false"
                    viewBox="0 0 24 24"
                  >
                    <path
                      d="M9 16.2L4.8 12l-1.4 1.4L9 19 21 7l-1.4-1.4L9 16.2z"
                    />
                  </svg>
                </div>
                <div
                  class="MuiButtonBase-root MuiChip-root MuiChip-colorPrimary MuiChip-clickableColorPrimary MuiChip-deletableColorPrimary MuiChip-sizeSmall MuiChip-clickable MuiChip-deletable"
                  role="button"
                  tabindex="0"
                >
                  <span
                    class="MuiChip-label MuiChip-labelSmall"
                  >
                    History
                  </span>
                  <svg
                    aria-hidden="true"
                    class="MuiSvgIcon-root MuiChip-deleteIcon MuiChip-deleteIconColorPrimary MuiChip-deleteIconSmall"
                    focusable="false"
                    viewBox="0 0 24 24"
                  >
                    <path
                      d="M9 16.2L4.8 12l-1.4 1.4L9 19 21 7l-1.4-1.4L9 16.2z"
                    />
                  </svg>
                </div>
                <div
                  class="MuiButtonBase-root MuiChip-root MuiChip-colorPrimary MuiChip-clickableColorPrimary MuiChip-deletableColorPrimary MuiChip-sizeSmall MuiChip-clickable MuiChip-deletable"
                  role="button"
                  tabindex="0"
                >
                  <span
                    class="MuiChip-label MuiChip-labelSmall"
                  >
                    Horror
                  </span>
                  <svg
                    aria-hidden="true"
                    class="MuiSvgIcon-root MuiChip-deleteIcon MuiChip-deleteIconColorPrimary MuiChip-deleteIconSmall"
                    focusable="false"
                    viewBox="0 0 24 24"
                  >
                    <path
                      d="M9 16.2L4.8 12l-1.4 1.4L9 19 21 7l-1.4-1.4L9 16.2z"
                    />
                  </svg>
                </div>
                <div
                  class="MuiButtonBase-root MuiChip-root MuiChip-colorPrimary MuiChip-clickableColorPrimary MuiChip-deletableColorPrimary MuiChip-sizeSmall MuiChip-clickable MuiChip-deletable"
                  role="button"
                  tabindex="0"
                >
                  <span
                    class="MuiChip-label MuiChip-labelSmall"
                  >
                    Mystery
                  </span>
                  <svg
                    aria-hidden="true"
                    class="MuiSvgIcon-root MuiChip-deleteIcon MuiChip-deleteIconColorPrimary MuiChip-deleteIconSmall"
                    focusable="false"
                    viewBox="0 0 24 24"
                  >
                    <path
                      d="M9 16.2L4.8 12l-1.4 1.4L9 19 21 7l-1.4-1.4L9 16.2z"
                    />
                  </svg>
                </div>
                <div
                  class="MuiButtonBase-root MuiChip-root MuiChip-colorPrimary MuiChip-clickableColorPrimary MuiChip-deletableColorPrimary MuiChip-sizeSmall MuiChip-clickable MuiChip-deletable"
                  role="button"
                  tabindex="0"
                >
                  <span
                    class="MuiChip-label MuiChip-labelSmall"
                  >
                    Romance
                  </span>
                  <svg
                    aria-hidden="true"
                    class="MuiSvgIcon-root MuiChip-deleteIcon MuiChip-deleteIconColorPrimary MuiChip-deleteIconSmall"
                    focusable="false"
                    viewBox="0 0 24 24"
                  >
                    <path
                      d="M9 16.2L4.8 12l-1.4 1.4L9 19 21 7l-1.4-1.4L9 16.2z"
                    />
                  </svg>
                </div>
                <div
                  class="MuiButtonBase-root MuiChip-root MuiChip-colorPrimary MuiChip-clickableColorPrimary MuiChip-deletableColorPrimary MuiChip-sizeSmall MuiChip-clickable MuiChip-deletable"
                  role="button"
                  tabindex="0"
                >
                  <span
                    class="MuiChip-label MuiChip-labelSmall"
                  >
                    Sci-Fi
                  </span>
                  <svg
                    aria-hidden="true"
                    class="MuiSvgIcon-root MuiChip-deleteIcon MuiChip-deleteIconColorPrimary MuiChip-deleteIconSmall"
                    focusable="false"
                    viewBox="0 0 24 24"
                  >
                    <path
                      d="M9 16.2L4.8 12l-1.4 1.4L9 19 21 7l-1.4-1.4L9 16.2z"
                    />
                  </svg>
                </div>
                <div
                  class="MuiButtonBase-root MuiChip-root MuiChip-colorPrimary MuiChip-clickableColorPrimary MuiChip-deletableColorPrimary MuiChip-sizeSmall MuiChip-clickable MuiChip-deletable"
                  role="button"
                  tabindex="0"
                >
                  <span
                    class="MuiChip-label MuiChip-labelSmall"
                  >
                    Thriller
                  </span>
                  <svg
                    aria-hidden="true"
                    class="MuiSvgIcon-root MuiChip-deleteIcon MuiChip-deleteIconColorPrimary MuiChip-deleteIconSmall"
                    focusable="false"
                    viewBox="0 0 24 24"
                  >
                    <path
                      d="M9 16.2L4.8 12l-1.4 1.4L9 19 21 7l-1.4-1.4L9 16.2z"
                    />
                  </svg>
                </div>
              </div>
            </form>
          </div>
        </header>
      </div>
    </div>
  </div>
</div>
`;
