// Jest Snapshot v1, https://goo.gl/fbAQLP

exports[`snapshot of initial component 1`] = `
<div
  aria-expanded="false"
  aria-haspopup="listbox"
  aria-labelledby="downshift-simple-label"
  class="Autocomplete-container-1"
  role="combobox"
>
  <div
    class="MuiInputBase-root Autocomplete-inputRoot-3 MuiInputBase-fullWidth"
  >
    <input
      aria-autocomplete="list"
      aria-labelledby="downshift-simple-label"
      autocomplete="off"
      class="MuiInputBase-input Autocomplete-inputInput-4"
      id="downshift-simple-input"
      placeholder="Search..."
      spellcheck="false"
      type="text"
      value=""
    />
  </div>
  <div
    aria-labelledby="downshift-simple-label"
    id="downshift-simple-menu"
    role="listbox"
  />
</div>
`;
