// Jest Snapshot v1, https://goo.gl/fbAQLP

exports[`snapshot of initial component 1`] = `
<div
  class="FilterBar-root-1"
>
  <div
    class="MuiCollapse-container-6"
    style="min-height:0px"
  >
    <div
      class="MuiCollapse-wrapper-8"
    >
      <div
        class="MuiCollapse-wrapperInner-9"
      >
        <header
          class="MuiPaper-root-19 MuiPaper-elevation4-25 MuiAppBar-root-10 MuiAppBar-positionRelative-15 MuiAppBar-colorSecondary-18 FilterBar-filterBar-5"
        >
          <div
            class="MuiToolbar-root-46 MuiToolbar-regular-48 MuiToolbar-gutters-47"
          >
            <form
              autocomplete="off"
            >
              <fieldset
                class="MuiFormControl-root-50 MuiFormControl-marginDense-52 FilterBar-formControl-3"
              >
                <legend
                  class="MuiFormLabel-root-54"
                >
                  Filter
                </legend>
                <div
                  aria-label="Filter"
                  class="MuiFormGroup-root-61 MuiFormGroup-row-62 FilterBar-group-4"
                  role="radiogroup"
                >
                  <label
                    class="MuiFormControlLabel-root-63"
                  >
                    <span
                      class="MuiButtonBase-root-84 MuiIconButton-root-78 MuiPrivateSwitchBase-root-74 MuiRadio-root-69 MuiRadio-colorPrimary-72"
                    >
                      <span
                        class="MuiIconButton-label-83"
                      >
                        <svg
                          aria-hidden="true"
                          class="MuiSvgIcon-root-87"
                          focusable="false"
                          role="presentation"
                          viewBox="0 0 24 24"
                        >
                          <path
                            d="M12 2C6.48 2 2 6.48 2 12s4.48 10 10 10 10-4.48 10-10S17.52 2 12 2zm0 18c-4.42 0-8-3.58-8-8s3.58-8 8-8 8 3.58 8 8-3.58 8-8 8z"
                          />
                        </svg>
                        <input
                          class="MuiPrivateSwitchBase-input-77"
                          name="filter"
                          type="radio"
                          value="all"
                        />
                      </span>
                    </span>
                    <span
                      class="MuiTypography-root-96 MuiTypography-body1-105 MuiFormControlLabel-label-68"
                    >
                      All
                    </span>
                  </label>
                  <label
                    class="MuiFormControlLabel-root-63"
                  >
                    <span
                      class="MuiButtonBase-root-84 MuiIconButton-root-78 MuiPrivateSwitchBase-root-74 MuiRadio-root-69 MuiRadio-colorPrimary-72 MuiPrivateSwitchBase-checked-75 MuiRadio-checked-70"
                    >
                      <span
                        class="MuiIconButton-label-83"
                      >
                        <svg
                          aria-hidden="true"
                          class="MuiSvgIcon-root-87"
                          focusable="false"
                          role="presentation"
                          viewBox="0 0 24 24"
                        >
                          <path
                            d="M12 7c-2.76 0-5 2.24-5 5s2.24 5 5 5 5-2.24 5-5-2.24-5-5-5zm0-5C6.48 2 2 6.48 2 12s4.48 10 10 10 10-4.48 10-10S17.52 2 12 2zm0 18c-4.42 0-8-3.58-8-8s3.58-8 8-8 8 3.58 8 8-3.58 8-8 8z"
                          />
                        </svg>
                        <input
                          checked=""
                          class="MuiPrivateSwitchBase-input-77"
                          name="filter"
                          type="radio"
                          value="movies"
                        />
                      </span>
                    </span>
                    <span
                      class="MuiTypography-root-96 MuiTypography-body1-105 MuiFormControlLabel-label-68"
                    >
                      Movies
                    </span>
                  </label>
                  <label
                    class="MuiFormControlLabel-root-63"
                  >
                    <span
                      class="MuiButtonBase-root-84 MuiIconButton-root-78 MuiPrivateSwitchBase-root-74 MuiRadio-root-69 MuiRadio-colorPrimary-72"
                    >
                      <span
                        class="MuiIconButton-label-83"
                      >
                        <svg
                          aria-hidden="true"
                          class="MuiSvgIcon-root-87"
                          focusable="false"
                          role="presentation"
                          viewBox="0 0 24 24"
                        >
                          <path
                            d="M12 2C6.48 2 2 6.48 2 12s4.48 10 10 10 10-4.48 10-10S17.52 2 12 2zm0 18c-4.42 0-8-3.58-8-8s3.58-8 8-8 8 3.58 8 8-3.58 8-8 8z"
                          />
                        </svg>
                        <input
                          class="MuiPrivateSwitchBase-input-77"
                          name="filter"
                          type="radio"
                          value="tv"
                        />
                      </span>
                    </span>
                    <span
                      class="MuiTypography-root-96 MuiTypography-body1-105 MuiFormControlLabel-label-68"
                    >
                      TV
                    </span>
                  </label>
                </div>
              </fieldset>
              <div
                class="MuiFormControl-root-50 FilterBar-formControl-3"
              >
                <label
                  class="MuiFormLabel-root-54 MuiFormLabel-filled-58 MuiInputLabel-root-132 MuiInputLabel-formControl-137 MuiInputLabel-animated-140 MuiInputLabel-shrink-139"
                  data-shrink="true"
                  for="filterYear"
                >
                  Year
                </label>
                <div
                  class="MuiInputBase-root-163 MuiInput-root-150 MuiInput-underline-154 MuiInputBase-formControl-164 MuiInput-formControl-151"
                >
                  <div
                    class="MuiSelect-root-143"
                  >
                    <div
                      aria-haspopup="true"
                      aria-pressed="false"
                      class="MuiSelect-select-144 MuiSelect-selectMenu-147 MuiInputBase-input-173 MuiInput-input-158"
                      id="select-year"
                      role="button"
                      tabindex="0"
                    >
                      All
                    </div>
                    <input
                      id="filterYear"
                      name="year"
                      type="hidden"
                      value="All"
                    />
                    <svg
                      aria-hidden="true"
                      class="MuiSvgIcon-root-87 MuiSelect-icon-149"
                      focusable="false"
                      role="presentation"
                      viewBox="0 0 24 24"
                    >
                      <path
                        d="M7 10l5 5 5-5z"
                      />
                    </svg>
                  </div>
                </div>
              </div>
              <div
                class="MuiFormControl-root-50 FilterBar-formControl-3"
              >
                <label
                  class="MuiFormLabel-root-54 MuiFormLabel-filled-58 MuiInputLabel-root-132 MuiInputLabel-formControl-137 MuiInputLabel-animated-140 MuiInputLabel-shrink-139"
                  data-shrink="true"
                  for="filterGenre"
                >
                  Genre
                </label>
                <div
                  class="MuiInputBase-root-163 MuiInput-root-150 MuiInput-underline-154 MuiInputBase-formControl-164 MuiInput-formControl-151"
                >
                  <div
                    class="MuiSelect-root-143"
                  >
                    <div
                      aria-haspopup="true"
                      aria-pressed="false"
                      class="MuiSelect-select-144 MuiSelect-selectMenu-147 MuiInputBase-input-173 MuiInput-input-158"
                      id="select-genre"
                      role="button"
                      tabindex="0"
                    >
                      All
                    </div>
                    <input
                      id="filterGenre"
                      name="genre"
                      type="hidden"
                      value="All"
                    />
                    <svg
                      aria-hidden="true"
                      class="MuiSvgIcon-root-87 MuiSelect-icon-149"
                      focusable="false"
                      role="presentation"
                      viewBox="0 0 24 24"
                    >
                      <path
                        d="M7 10l5 5 5-5z"
                      />
                    </svg>
                  </div>
                </div>
              </div>
              <div
                class="MuiFormControl-root-50 FilterBar-formControl-3"
              >
                <label
                  class="MuiFormLabel-root-54 MuiFormLabel-filled-58 MuiInputLabel-root-132 MuiInputLabel-formControl-137 MuiInputLabel-animated-140 MuiInputLabel-shrink-139"
                  data-shrink="true"
                  for="filterOrder"
                >
                  Sort
                </label>
                <div
                  class="MuiInputBase-root-163 MuiInput-root-150 MuiInput-underline-154 MuiInputBase-formControl-164 MuiInput-formControl-151"
                >
                  <div
                    class="MuiSelect-root-143"
                  >
                    <div
                      aria-haspopup="true"
                      aria-pressed="false"
                      class="MuiSelect-select-144 MuiSelect-selectMenu-147 MuiInputBase-input-173 MuiInput-input-158"
                      id="select-order"
                      role="button"
                      tabindex="0"
                    >
                      Ascending
                    </div>
                    <input
                      id="filterOrder"
                      name="order"
                      type="hidden"
                      value="Ascending"
                    />
                    <svg
                      aria-hidden="true"
                      class="MuiSvgIcon-root-87 MuiSelect-icon-149"
                      focusable="false"
                      role="presentation"
                      viewBox="0 0 24 24"
                    >
                      <path
                        d="M7 10l5 5 5-5z"
                      />
                    </svg>
                  </div>
                </div>
              </div>
            </form>
          </div>
        </header>
      </div>
    </div>
  </div>
</div>
`;
