// Jest Snapshot v1, https://goo.gl/fbAQLP

exports[`snapshot of initial component 1`] = `
<div
  className="filter-bar"
>
  <div
    className="filter-bar__container"
  >
    <input
      checked={false}
      name="filterResults"
      onChange={[Function]}
      type="radio"
      value="all"
    />
    <label
      className="filter-labels"
      htmlFor="filterAll"
    >
      All
    </label>
    <input
      checked={false}
      name="filterResults"
      onChange={[Function]}
      type="radio"
      value="movies"
    />
    <label
      className="filter-labels"
      htmlFor="filterMovies"
    >
      Movies
    </label>
    <input
      checked={false}
      name="filterResults"
      onChange={[Function]}
      type="radio"
      value="tv"
    />
    <label
      className="filter-labels"
      htmlFor="filterTV"
    >
      TV Series
    </label>
    <label
      className="filter-labels"
      htmlFor="filterGenre"
    >
      Genre
    </label>
    <select
      name="filterGenre"
      type="select"
    >
      <option
        value="All"
      >
        All
      </option>
      <option
        value="Action"
      >
        Action
      </option>
      <option
        value="Adventure"
      >
        Adventure
      </option>
      <option
        value="Animation"
      >
        Animation
      </option>
      <option
        value="Comedy"
      >
        Comedy
      </option>
      <option
        value="Crime"
      >
        Crime
      </option>
      <option
        value="Drama"
      >
        Drama
      </option>
      <option
        value="History"
      >
        History
      </option>
      <option
        value="Mystery"
      >
        Mystery
      </option>
      <option
        value="Romance"
      >
        Romance
      </option>
      <option
        value="Sci-Fi"
      >
        Sci-Fi
      </option>
      <option
        value="Thriller"
      >
        Thriller
      </option>
      <option
        value="Horror"
      >
        Horror
      </option>
    </select>
    <label
      className="filter-labels"
      htmlFor="filterAlpha"
    >
      Alphabetical Order
    </label>
    <select
      name="filterAlpha"
      type="select"
    >
      <option
        value="Ascending"
      >
        Ascending
      </option>
      <option
        value="Descending"
      >
        Descending
      </option>
    </select>
  </div>
</div>
`;
