// Jest Snapshot v1, https://goo.gl/fbAQLP

exports[`snapshot of initial component 1`] = `
<footer
  class="Footer-footer-39"
>
  <ul
    class="Footer-list-40"
  >
    <li
      class="Footer-links-41"
    >
      <a
        href="https://github.com/lmcjt37/curated-tv-and-film"
        rel="noopener noreferrer"
        target="_blank"
      >
        <p
          class="MuiTypography-root-42 MuiTypography-body1-51"
        >
          Repository
        </p>
      </a>
    </li>
    <li
      class="Footer-links-41"
    >
      <a
        href="https://github.com/lmcjt37/curated-tv-and-film/graphs/contributors"
        rel="noopener noreferrer"
        target="_blank"
      >
        <p
          class="MuiTypography-root-42 MuiTypography-body1-51"
        >
          Contributors
        </p>
      </a>
    </li>
    <li
      class="Footer-links-41"
    >
      <a
        rel="noopener noreferrer"
        target="_blank"
      >
        <p
          class="MuiTypography-root-42 MuiTypography-body1-51"
        >
          build debug
        </p>
      </a>
    </li>
  </ul>
</footer>
`;
