// Jest Snapshot v1, https://goo.gl/fbAQLP

exports[`snapshot of initial component 1`] = `
<div
  className="header-container"
>
  <div
    className="logo-container"
  >
    <img
      alt="Curated TV and Film logo"
      className="logo-image"
      src="./assets/logo-128.png"
    />
    <div
      className="logo-title"
    >
      Curated TV and Film
    </div>
  </div>
  <div
    className="content-search"
  >
    <input
      className="form-control"
      placeholder="Search here"
      type="text"
    />
  </div>
  <div
    className="filter-div"
  >
    <span
      className="filter-button"
    >
      <svg
        aria-hidden="true"
        className="svg-inline--fa fa-sliders-h fa-w-16 "
        data-icon="sliders-h"
        data-prefix="fas"
        role="img"
        style={Object {}}
        viewBox="0 0 512 512"
        xmlns="http://www.w3.org/2000/svg"
      >
        <path
          d="M496 384H160v-16c0-8.8-7.2-16-16-16h-32c-8.8 0-16 7.2-16 16v16H16c-8.8 0-16 7.2-16 16v32c0 8.8 7.2 16 16 16h80v16c0 8.8 7.2 16 16 16h32c8.8 0 16-7.2 16-16v-16h336c8.8 0 16-7.2 16-16v-32c0-8.8-7.2-16-16-16zm0-160h-80v-16c0-8.8-7.2-16-16-16h-32c-8.8 0-16 7.2-16 16v16H16c-8.8 0-16 7.2-16 16v32c0 8.8 7.2 16 16 16h336v16c0 8.8 7.2 16 16 16h32c8.8 0 16-7.2 16-16v-16h80c8.8 0 16-7.2 16-16v-32c0-8.8-7.2-16-16-16zm0-160H288V48c0-8.8-7.2-16-16-16h-32c-8.8 0-16 7.2-16 16v16H16C7.2 64 0 71.2 0 80v32c0 8.8 7.2 16 16 16h208v16c0 8.8 7.2 16 16 16h32c8.8 0 16-7.2 16-16v-16h208c8.8 0 16-7.2 16-16V80c0-8.8-7.2-16-16-16z"
          fill="currentColor"
          style={Object {}}
        />
      </svg>
    </span>
  </div>
</div>
`;
