// Jest Snapshot v1, https://goo.gl/fbAQLP

exports[`snapshot of initial component with multiple items 1`] = `
<div
  class="MuiPaper-root-389 MuiPaper-elevation1-392 MuiPaper-rounded-390 MuiCard-root-388 MultiCard-card-379"
>
  <div
    class="MuiCardHeader-root-416"
  >
    <div
      class="MuiCardHeader-content-419"
    >
      <h2
        class="MuiTypography-root-422 MuiTypography-h6-439 MuiCardHeader-title-420"
      >
        The Walking Dead
      </h2>
    </div>
  </div>
  <div
    class="MuiCardContent-root-457"
  >
    <div
      class="MuiChip-root-458 MultiCard-chip-384"
      role="button"
      tabindex="-1"
    >
      <span
        class="MuiChip-label-477"
      >
        Drama
      </span>
    </div>
    <div
      class="MuiChip-root-458 MultiCard-chip-384"
      role="button"
      tabindex="-1"
    >
      <span
        class="MuiChip-label-477"
      >
        Horror
      </span>
    </div>
    <div
      class="MuiChip-root-458 MultiCard-chip-384"
      role="button"
      tabindex="-1"
    >
      <span
        class="MuiChip-label-477"
      >
        Action
      </span>
    </div>
  </div>
  <div
    class="MultiCard-innerContainer-380"
  >
    <div
      class="MuiCardMedia-root-483 MultiCard-media-381"
      style="background-image:url(\\"./assets/images/walking-dead.jpg\\")"
    />
    <img
      class="MultiCard-thumbnail-383"
      src="./assets/images/walking-dead.jpg"
    />
    <div
      class="MuiCardContent-root-457"
    >
      <div>
        <div>
          <h2
            class="MuiTypography-root-422 MuiTypography-subtitle1-440 MuiTypography-gutterBottom-449"
          >
            Guts
          </h2>
          <p
            class="MuiTypography-root-422 MuiTypography-body1-431 MuiTypography-colorTextSecondary-455 MuiTypography-gutterBottom-449"
          >
            Season: 1 | Episode: 2
          </p>
        </div>
        <p
          class="MuiTypography-root-422 MuiTypography-body1-431 MultiCard-description-382"
        >
          Following on from where Rick Grimes wakes up from a coma and tries to find his family. He gets to Atlanta, surrounded by walkers, he is thrown from his horse and ends up in a tank. This is where someone on the walkie talkie, Glenn, helps him out of the tight situation.
        </p>
      </div>
      <div
        class="MuiCardActions-root-485"
      >
        <a
          aria-label="IMDB"
          class="MuiButtonBase-root-497 MuiFab-root-487 MuiFab-extended-491 MuiFab-primary-489 MultiCard-fab-385 MuiCardActions-action-486"
          href="https://www.imdb.com/title/tt1628064/?ref_=ttep_ep2"
          rel="noopener noreferrer"
          role="button"
          tabindex="0"
          target="_blank"
        >
          <span
            class="MuiFab-label-488"
          >
            <svg
              aria-hidden="true"
              class="MuiSvgIcon-root-500 MultiCard-localPlayIcon-387"
              focusable="false"
              role="presentation"
              viewBox="0 0 24 24"
            >
              <path
                d="M0 0h24v24H0z"
                fill="none"
              />
              <path
                d="M20 12c0-1.1.9-2 2-2V6c0-1.1-.9-2-2-2H4c-1.1 0-1.99.9-1.99 2v4c1.1 0 1.99.9 1.99 2s-.89 2-2 2v4c0 1.1.9 2 2 2h16c1.1 0 2-.9 2-2v-4c-1.1 0-2-.9-2-2zm-4.42 4.8L12 14.5l-3.58 2.3 1.08-4.12-3.29-2.69 4.24-.25L12 5.8l1.54 3.95 4.24.25-3.29 2.69 1.09 4.11z"
              />
            </svg>
            IMDB
          </span>
        </a>
        <a
          aria-label="View Scene"
          class="MuiButtonBase-root-497 MuiFab-root-487 MuiFab-extended-491 MuiFab-primary-489 MultiCard-fab-385 MuiCardActions-action-486"
          href="https://www.youtube.com/watch?v=ZxmWhlidAZ8"
          rel="noopener noreferrer"
          role="button"
          tabindex="0"
          target="_blank"
        >
          <span
            class="MuiFab-label-488"
          >
            <svg
              aria-hidden="true"
              class="MuiSvgIcon-root-500 MultiCard-playCircleOutlineIcon-386"
              focusable="false"
              role="presentation"
              viewBox="0 0 24 24"
            >
              <path
                d="M0 0h24v24H0z"
                fill="none"
              />
              <path
                d="M10 16.5l6-4.5-6-4.5v9zM12 2C6.48 2 2 6.48 2 12s4.48 10 10 10 10-4.48 10-10S17.52 2 12 2zm0 18c-4.41 0-8-3.59-8-8s3.59-8 8-8 8 3.59 8 8-3.59 8-8 8z"
              />
            </svg>
            View Scene
          </span>
        </a>
      </div>
    </div>
  </div>
  <div
    class="MultiCard-innerContainer-380"
  >
    <div
      class="MuiCardMedia-root-483 MultiCard-media-381"
      style="background-image:url(\\"./assets/images/walking-dead.jpg\\")"
    />
    <img
      class="MultiCard-thumbnail-383"
      src="./assets/images/walking-dead.jpg"
    />
    <div
      class="MuiCardContent-root-457"
    >
      <div>
        <div>
          <h2
            class="MuiTypography-root-422 MuiTypography-subtitle1-440 MuiTypography-gutterBottom-449"
          >
            The Day Will Come When You Won't Be
          </h2>
          <p
            class="MuiTypography-root-422 MuiTypography-body1-431 MuiTypography-colorTextSecondary-455 MuiTypography-gutterBottom-449"
          >
            Season: 7 | Episode: 1
          </p>
        </div>
        <p
          class="MuiTypography-root-422 MuiTypography-body1-431 MultiCard-description-382"
        >
          The Saviours have captured Rick and the group. They kneel at the mercy of Negan who makes an example of 2 of the groups members. Not for the faint of heart.
        </p>
      </div>
      <div
        class="MuiCardActions-root-485"
      >
        <a
          aria-label="IMDB"
          class="MuiButtonBase-root-497 MuiFab-root-487 MuiFab-extended-491 MuiFab-primary-489 MultiCard-fab-385 MuiCardActions-action-486"
          href="https://www.imdb.com/title/tt5164772/?ref_=ttep_ep1"
          rel="noopener noreferrer"
          role="button"
          tabindex="0"
          target="_blank"
        >
          <span
            class="MuiFab-label-488"
          >
            <svg
              aria-hidden="true"
              class="MuiSvgIcon-root-500 MultiCard-localPlayIcon-387"
              focusable="false"
              role="presentation"
              viewBox="0 0 24 24"
            >
              <path
                d="M0 0h24v24H0z"
                fill="none"
              />
              <path
                d="M20 12c0-1.1.9-2 2-2V6c0-1.1-.9-2-2-2H4c-1.1 0-1.99.9-1.99 2v4c1.1 0 1.99.9 1.99 2s-.89 2-2 2v4c0 1.1.9 2 2 2h16c1.1 0 2-.9 2-2v-4c-1.1 0-2-.9-2-2zm-4.42 4.8L12 14.5l-3.58 2.3 1.08-4.12-3.29-2.69 4.24-.25L12 5.8l1.54 3.95 4.24.25-3.29 2.69 1.09 4.11z"
              />
            </svg>
            IMDB
          </span>
        </a>
        <a
          aria-label="View Scene"
          class="MuiButtonBase-root-497 MuiFab-root-487 MuiFab-extended-491 MuiFab-primary-489 MultiCard-fab-385 MuiCardActions-action-486"
          href="https://www.youtube.com/watch?v=d3LDG5CCOPQ"
          rel="noopener noreferrer"
          role="button"
          tabindex="0"
          target="_blank"
        >
          <span
            class="MuiFab-label-488"
          >
            <svg
              aria-hidden="true"
              class="MuiSvgIcon-root-500 MultiCard-playCircleOutlineIcon-386"
              focusable="false"
              role="presentation"
              viewBox="0 0 24 24"
            >
              <path
                d="M0 0h24v24H0z"
                fill="none"
              />
              <path
                d="M10 16.5l6-4.5-6-4.5v9zM12 2C6.48 2 2 6.48 2 12s4.48 10 10 10 10-4.48 10-10S17.52 2 12 2zm0 18c-4.41 0-8-3.59-8-8s3.59-8 8-8 8 3.59 8 8-3.59 8-8 8z"
              />
            </svg>
            View Scene
          </span>
        </a>
      </div>
    </div>
  </div>
</div>
`;
