// Jest Snapshot v1, https://goo.gl/fbAQLP

exports[`snapshot of initial component with multiple items 1`] = `
<div
  class="MuiPaper-root-385 MuiPaper-elevation1-388 MuiPaper-rounded-386 MuiCard-root-384 MultiCard-card-376"
>
  <div
    class="MuiCardHeader-root-412"
  >
    <div
      class="MuiCardHeader-content-415"
    >
      <span
        class="MuiTypography-root-418 MuiTypography-headline-423 MuiCardHeader-title-416"
      >
        The Walking Dead
      </span>
    </div>
  </div>
  <div
    class="MuiCardContent-root-453"
  >
    <div
      class="MuiChip-root-454 MultiCard-chip-380"
      role="button"
      tabindex="-1"
    >
      <span
        class="MuiChip-label-473"
      >
        Drama
      </span>
    </div>
    <div
      class="MuiChip-root-454 MultiCard-chip-380"
      role="button"
      tabindex="-1"
    >
      <span
        class="MuiChip-label-473"
      >
        Horror
      </span>
    </div>
    <div
      class="MuiChip-root-454 MultiCard-chip-380"
      role="button"
      tabindex="-1"
    >
      <span
        class="MuiChip-label-473"
      >
        Action
      </span>
    </div>
  </div>
  <div
    class="MultiCard-innerContainer-377"
  >
    <div
      class="MuiCardMedia-root-479 MultiCard-media-378"
      style="background-image:url(\\"./assets/images/walking-dead.jpg\\")"
    />
    <img
      class="MultiCard-thumbnail-379"
      src="./assets/images/walking-dead.jpg"
    />
    <div
      class="MuiCardContent-root-453"
    >
      <div>
        <div>
          <h3
            class="MuiTypography-root-418 MuiTypography-h6-435 MuiTypography-gutterBottom-445"
          >
            Guts
          </h3>
          <p
            class="MuiTypography-root-418 MuiTypography-body1-427"
          >
            Season: 1 | Episode: 2
          </p>
        </div>
        <p
          class="MuiTypography-root-418 MuiTypography-body1-427"
        >
          Following on from where Rick Grimes wakes up from a coma and tries to find his family. He gets to Atlanta, surrounded by walkers, he is thrown from his horse and ends up in a tank. This is where someone on the walkie talkie, Glenn, helps him out of the tight situation.
        </p>
      </div>
      <div
        class="MuiCardActions-root-481"
      >
        <a
          aria-label="IMDB"
          class="MuiButtonBase-root-493 MuiFab-root-483 MuiFab-extended-487 MuiFab-primary-485 MultiCard-fab-381 MuiCardActions-action-482"
          href="https://www.imdb.com/title/tt1628064/?ref_=ttep_ep2"
          rel="noopener noreferrer"
          role="button"
          tabindex="0"
          target="_blank"
        >
          <span
            class="MuiFab-label-484"
          >
            <svg
              aria-hidden="true"
              class="MuiSvgIcon-root-496 MultiCard-localPlayIcon-383"
              focusable="false"
              role="presentation"
              viewBox="0 0 24 24"
            >
              <path
                d="M0 0h24v24H0z"
                fill="none"
              />
              <path
                d="M20 12c0-1.1.9-2 2-2V6c0-1.1-.9-2-2-2H4c-1.1 0-1.99.9-1.99 2v4c1.1 0 1.99.9 1.99 2s-.89 2-2 2v4c0 1.1.9 2 2 2h16c1.1 0 2-.9 2-2v-4c-1.1 0-2-.9-2-2zm-4.42 4.8L12 14.5l-3.58 2.3 1.08-4.12-3.29-2.69 4.24-.25L12 5.8l1.54 3.95 4.24.25-3.29 2.69 1.09 4.11z"
              />
            </svg>
            IMDB
          </span>
        </a>
        <a
          aria-label="View Scene"
          class="MuiButtonBase-root-493 MuiFab-root-483 MuiFab-extended-487 MuiFab-primary-485 MultiCard-fab-381 MuiCardActions-action-482"
          href="https://www.youtube.com/watch?v=ZxmWhlidAZ8"
          rel="noopener noreferrer"
          role="button"
          tabindex="0"
          target="_blank"
        >
          <span
            class="MuiFab-label-484"
          >
            <svg
              aria-hidden="true"
              class="MuiSvgIcon-root-496 MultiCard-playCircleOutlineIcon-382"
              focusable="false"
              role="presentation"
              viewBox="0 0 24 24"
            >
              <path
                d="M0 0h24v24H0z"
                fill="none"
              />
              <path
                d="M10 16.5l6-4.5-6-4.5v9zM12 2C6.48 2 2 6.48 2 12s4.48 10 10 10 10-4.48 10-10S17.52 2 12 2zm0 18c-4.41 0-8-3.59-8-8s3.59-8 8-8 8 3.59 8 8-3.59 8-8 8z"
              />
            </svg>
            View Scene
          </span>
        </a>
      </div>
    </div>
  </div>
  <div
    class="MultiCard-innerContainer-377"
  >
    <div
      class="MuiCardMedia-root-479 MultiCard-media-378"
      style="background-image:url(\\"./assets/images/walking-dead.jpg\\")"
    />
    <img
      class="MultiCard-thumbnail-379"
      src="./assets/images/walking-dead.jpg"
    />
    <div
      class="MuiCardContent-root-453"
    >
      <div>
        <div>
          <h3
            class="MuiTypography-root-418 MuiTypography-h6-435 MuiTypography-gutterBottom-445"
          >
            The Day Will Come When You Won't Be
          </h3>
          <p
            class="MuiTypography-root-418 MuiTypography-body1-427"
          >
            Season: 7 | Episode: 1
          </p>
        </div>
        <p
          class="MuiTypography-root-418 MuiTypography-body1-427"
        >
          The Saviours have captured Rick and the group. They kneel at the mercy of Negan who makes an example of 2 of the groups members. Not for the faint of heart.
        </p>
      </div>
      <div
        class="MuiCardActions-root-481"
      >
        <a
          aria-label="IMDB"
          class="MuiButtonBase-root-493 MuiFab-root-483 MuiFab-extended-487 MuiFab-primary-485 MultiCard-fab-381 MuiCardActions-action-482"
          href="https://www.imdb.com/title/tt5164772/?ref_=ttep_ep1"
          rel="noopener noreferrer"
          role="button"
          tabindex="0"
          target="_blank"
        >
          <span
            class="MuiFab-label-484"
          >
            <svg
              aria-hidden="true"
              class="MuiSvgIcon-root-496 MultiCard-localPlayIcon-383"
              focusable="false"
              role="presentation"
              viewBox="0 0 24 24"
            >
              <path
                d="M0 0h24v24H0z"
                fill="none"
              />
              <path
                d="M20 12c0-1.1.9-2 2-2V6c0-1.1-.9-2-2-2H4c-1.1 0-1.99.9-1.99 2v4c1.1 0 1.99.9 1.99 2s-.89 2-2 2v4c0 1.1.9 2 2 2h16c1.1 0 2-.9 2-2v-4c-1.1 0-2-.9-2-2zm-4.42 4.8L12 14.5l-3.58 2.3 1.08-4.12-3.29-2.69 4.24-.25L12 5.8l1.54 3.95 4.24.25-3.29 2.69 1.09 4.11z"
              />
            </svg>
            IMDB
          </span>
        </a>
        <a
          aria-label="View Scene"
          class="MuiButtonBase-root-493 MuiFab-root-483 MuiFab-extended-487 MuiFab-primary-485 MultiCard-fab-381 MuiCardActions-action-482"
          href="https://www.youtube.com/watch?v=d3LDG5CCOPQ"
          rel="noopener noreferrer"
          role="button"
          tabindex="0"
          target="_blank"
        >
          <span
            class="MuiFab-label-484"
          >
            <svg
              aria-hidden="true"
              class="MuiSvgIcon-root-496 MultiCard-playCircleOutlineIcon-382"
              focusable="false"
              role="presentation"
              viewBox="0 0 24 24"
            >
              <path
                d="M0 0h24v24H0z"
                fill="none"
              />
              <path
                d="M10 16.5l6-4.5-6-4.5v9zM12 2C6.48 2 2 6.48 2 12s4.48 10 10 10 10-4.48 10-10S17.52 2 12 2zm0 18c-4.41 0-8-3.59-8-8s3.59-8 8-8 8 3.59 8 8-3.59 8-8 8z"
              />
            </svg>
            View Scene
          </span>
        </a>
      </div>
    </div>
  </div>
</div>
`;
